// Jest Snapshot v1, https://goo.gl/fbAQLP

exports[`matches snapshot 1`] = `
<DocumentFragment>
  <div
    class="Box"
    style="background-color: red; width: 200px; height: 200px;"
  >
    <p>
      X
    </p>
  </div>
</DocumentFragment>
`;
